.venv\Scripts\python.exe : C:\Users\Diego Reis\Docu
ments\DEV\ManagerShow\app\schemas\form_template.py:
13: UserWarning: Field name "schema" in 
"FormTemplateBase" shadows an attribute in parent 
"BaseModel"
No linha:1 caractere:1
+ .venv\Scripts\python.exe -c "import app.main; 
print('API Loaded OK')" ...
+ ~~~~~~~~~~~~~~~~~~~~~~~~~~~~~~~~~~~~~~~~~~~~~~~~~
~~~~~~~~~~~~~~~~~~~~
    + CategoryInfo          : NotSpecified: (C:\Us 
   ers\Diego ...ent "BaseModel":String) [], Remot  
  eException
    + FullyQualifiedErrorId : NativeCommandError
 
  class FormTemplateBase(BaseModel):
C:\Users\Diego Reis\Documents\DEV\ManagerShow\app\s
chemas\form_template.py:21: UserWarning: Field 
name "schema" in "FormTemplateUpdate" shadows an 
attribute in parent "BaseModel"
  class FormTemplateUpdate(BaseModel):
Traceback (most recent call last):
  File "<string>", line 1, in <module>
  File "C:\Users\Diego 
Reis\Documents\DEV\ManagerShow\app\main.py", line 
165, in <module>
    from app.routers.client import users as 
client_users_router # noqa: E402
    ^^^^^^^^^^^^^^^^^^^^^^^^^^^^^^^^^^^^^^^^^^^^^^^
^^^^^^^^^^^^
  File "C:\Users\Diego Reis\Documents\DEV\ManagerSh
ow\app\routers\client\users.py", line 7, in 
<module>
    from typing import list
ImportError: cannot import name 'list' from 
'typing' (C:\Users\Diego Reis\AppData\Local\Program
s\Python\Python311\Lib\typing.py)
